// Jest Snapshot v1, https://goo.gl/fbAQLP

exports[`renders snapshot 1`] = `
{
  "asFragment": [Function],
  "baseElement": <body>
    <div>
      <div
        class="carousel"
      >
        <ul
          class="carousel__list"
          data-testid="carousel-list"
        >
          <li
            class="carousel__item"
          >
            <img
              alt="image #1"
              class="carousel__image"
              id="slide-0"
            />
          </li>
          <li
            class="carousel__item"
          >
            <img
              alt="image #2"
              class="carousel__image"
              id="slide-1"
            />
          </li>
          <li
            class="carousel__item"
          >
            <img
              alt="image #3"
              class="carousel__image"
              id="slide-2"
            />
          </li>
          <li
            class="carousel__item"
          >
            <img
              alt="image #4"
              class="carousel__image"
              id="slide-3"
            />
          </li>
        </ul>
      </div>
      <button
        class="button arrow"
        data-testid="arrow-previous"
      >
        previous
      </button>
      <button
        class="button arrow"
        data-testid="arrow-next"
      >
        next
      </button>
      <div
        class="carousel-count"
        data-testid="carousel-count"
      >
        1
        /
        4
      </div>
    </div>
  </body>,
  "container": <div>
    <div
      class="carousel"
    >
      <ul
        class="carousel__list"
        data-testid="carousel-list"
      >
        <li
          class="carousel__item"
        >
          <img
            alt="image #1"
            class="carousel__image"
            id="slide-0"
          />
        </li>
        <li
          class="carousel__item"
        >
          <img
            alt="image #2"
            class="carousel__image"
            id="slide-1"
          />
        </li>
        <li
          class="carousel__item"
        >
          <img
            alt="image #3"
            class="carousel__image"
            id="slide-2"
          />
        </li>
        <li
          class="carousel__item"
        >
          <img
            alt="image #4"
            class="carousel__image"
            id="slide-3"
          />
        </li>
      </ul>
    </div>
    <button
      class="button arrow"
      data-testid="arrow-previous"
    >
      previous
    </button>
    <button
      class="button arrow"
      data-testid="arrow-next"
    >
      next
    </button>
    <div
      class="carousel-count"
      data-testid="carousel-count"
    >
      1
      /
      4
    </div>
  </div>,
  "debug": [Function],
  "findAllByAltText": [Function],
  "findAllByDisplayValue": [Function],
  "findAllByLabelText": [Function],
  "findAllByPlaceholderText": [Function],
  "findAllByRole": [Function],
  "findAllByTestId": [Function],
  "findAllByText": [Function],
  "findAllByTitle": [Function],
  "findByAltText": [Function],
  "findByDisplayValue": [Function],
  "findByLabelText": [Function],
  "findByPlaceholderText": [Function],
  "findByRole": [Function],
  "findByTestId": [Function],
  "findByText": [Function],
  "findByTitle": [Function],
  "getAllByAltText": [Function],
  "getAllByDisplayValue": [Function],
  "getAllByLabelText": [Function],
  "getAllByPlaceholderText": [Function],
  "getAllByRole": [Function],
  "getAllByTestId": [Function],
  "getAllByText": [Function],
  "getAllByTitle": [Function],
  "getByAltText": [Function],
  "getByDisplayValue": [Function],
  "getByLabelText": [Function],
  "getByPlaceholderText": [Function],
  "getByRole": [Function],
  "getByTestId": [Function],
  "getByText": [Function],
  "getByTitle": [Function],
  "queryAllByAltText": [Function],
  "queryAllByDisplayValue": [Function],
  "queryAllByLabelText": [Function],
  "queryAllByPlaceholderText": [Function],
  "queryAllByRole": [Function],
  "queryAllByTestId": [Function],
  "queryAllByText": [Function],
  "queryAllByTitle": [Function],
  "queryByAltText": [Function],
  "queryByDisplayValue": [Function],
  "queryByLabelText": [Function],
  "queryByPlaceholderText": [Function],
  "queryByRole": [Function],
  "queryByTestId": [Function],
  "queryByText": [Function],
  "queryByTitle": [Function],
  "rerender": [Function],
  "unmount": [Function],
}
`;
